{
  "Txns":[
    {
      "Date":"2018-06-17T06:25:58Z",
      "Exchange":"Binance",
      "BaseCurrency":"AUD",
      "BaseSpent":4000.00,
      "QuoteCurrency":"ETH",
      "QuoteReceived":10.00
    },
    {
      "Date":"2018-06-30T12:00:23Z",
      "Exchange":"Binance",
      "BaseCurrency":"ETH",
      "BaseSpent":5.00,
      "QuoteCurrency":"AUD",
      "QuoteReceived":1500.00
    }
  ],
  "Accounts":{
  },
  "Files":null,
  "StartDate":"2017-07-01T00:00:01Z",
  "EndDate":"2018-06-30T23:59:59Z",
  "CapitalGains":-500,
  "TradingGains":556.201505
}
