{
  "Txns":[
    {
      "Date":"2018-06-17T06:25:58Z",
      "Exchange":"Binance",
      "BaseCurrency":"AUD",
      "BaseSpent":5878.80111,
      "QuoteCurrency":"BTC",
      "QuoteReceived":1.00
    },
    {
      "Date":"2018-06-29T12:00:23Z",
      "Exchange":"Binance",
      "BaseCurrency":"BTC",
      "BaseSpent":1.00,
      "QuoteCurrency":"ETH",
      "QuoteReceived":10.00
    }
  ],
  "Accounts":{
  },
  "Files":null,
  "StartDate":"2017-07-01T00:00:01Z",
  "EndDate":"2018-06-30T23:59:59Z",
  "CapitalGains":0,
  "TradingGains":233.60189999999966
}
